Archive member included because of file (symbol)

c:/winavr-20100110/bin/../lib/gcc/avr/4.3.3/avr5\libgcc.a(_divmodhi4.o)
                              lcd.o (__divmodhi4)
c:/winavr-20100110/bin/../lib/gcc/avr/4.3.3/avr5\libgcc.a(_exit.o)
                              c:/winavr-20100110/bin/../lib/gcc/avr/4.3.3/../../../../avr/lib/avr5/crtm32.o (exit)
c:/winavr-20100110/bin/../lib/gcc/avr/4.3.3/avr5\libgcc.a(_copy_data.o)
                              lcd.o (__do_copy_data)
c:/winavr-20100110/bin/../lib/gcc/avr/4.3.3/avr5\libgcc.a(_clear_bss.o)
                              bm_config_data.o (__do_clear_bss)
c:/winavr-20100110/bin/../lib/gcc/avr/4.3.3/avr5\libgcc.a(_udivmodhi4.o)
                              c:/winavr-20100110/bin/../lib/gcc/avr/4.3.3/avr5\libgcc.a(_divmodhi4.o) (__udivmodhi4)
c:/winavr-20100110/bin/../lib/gcc/avr/4.3.3/../../../../avr/lib/avr5\libc.a(snprintf.o)
                              bm_serial.o (snprintf)
c:/winavr-20100110/bin/../lib/gcc/avr/4.3.3/../../../../avr/lib/avr5\libc.a(sscanf.o)
                              bm_serial.o (sscanf)
c:/winavr-20100110/bin/../lib/gcc/avr/4.3.3/../../../../avr/lib/avr5\libc.a(vfprintf_std.o)
                              c:/winavr-20100110/bin/../lib/gcc/avr/4.3.3/../../../../avr/lib/avr5\libc.a(snprintf.o) (vfprintf)
c:/winavr-20100110/bin/../lib/gcc/avr/4.3.3/../../../../avr/lib/avr5\libc.a(vfscanf_std.o)
                              c:/winavr-20100110/bin/../lib/gcc/avr/4.3.3/../../../../avr/lib/avr5\libc.a(sscanf.o) (vfscanf)
c:/winavr-20100110/bin/../lib/gcc/avr/4.3.3/../../../../avr/lib/avr5\libc.a(eerd_block_atmega32.o)
                              bm_config_data.o (__eerd_block_m32)
c:/winavr-20100110/bin/../lib/gcc/avr/4.3.3/../../../../avr/lib/avr5\libc.a(eerd_byte_atmega32.o)
                              bm_config_data.o (__eerd_byte_m32)
c:/winavr-20100110/bin/../lib/gcc/avr/4.3.3/../../../../avr/lib/avr5\libc.a(eeupd_block_atmega32.o)
                              bm_config_data.o (__eeupd_block_m32)
c:/winavr-20100110/bin/../lib/gcc/avr/4.3.3/../../../../avr/lib/avr5\libc.a(eeupd_byte_atmega32.o)
                              bm_config_data.o (__eeupd_byte_m32)
c:/winavr-20100110/bin/../lib/gcc/avr/4.3.3/../../../../avr/lib/avr5\libc.a(isspace.o)
                              c:/winavr-20100110/bin/../lib/gcc/avr/4.3.3/../../../../avr/lib/avr5\libc.a(vfscanf_std.o) (isspace)
c:/winavr-20100110/bin/../lib/gcc/avr/4.3.3/../../../../avr/lib/avr5\libc.a(strchr_P.o)
                              c:/winavr-20100110/bin/../lib/gcc/avr/4.3.3/../../../../avr/lib/avr5\libc.a(vfscanf_std.o) (strchr_P)
c:/winavr-20100110/bin/../lib/gcc/avr/4.3.3/../../../../avr/lib/avr5\libc.a(strnlen_P.o)
                              c:/winavr-20100110/bin/../lib/gcc/avr/4.3.3/../../../../avr/lib/avr5\libc.a(vfprintf_std.o) (strnlen_P)
c:/winavr-20100110/bin/../lib/gcc/avr/4.3.3/../../../../avr/lib/avr5\libc.a(strnlen.o)
                              c:/winavr-20100110/bin/../lib/gcc/avr/4.3.3/../../../../avr/lib/avr5\libc.a(vfprintf_std.o) (strnlen)
c:/winavr-20100110/bin/../lib/gcc/avr/4.3.3/../../../../avr/lib/avr5\libc.a(fgetc.o)
                              c:/winavr-20100110/bin/../lib/gcc/avr/4.3.3/../../../../avr/lib/avr5\libc.a(vfscanf_std.o) (fgetc)
c:/winavr-20100110/bin/../lib/gcc/avr/4.3.3/../../../../avr/lib/avr5\libc.a(fputc.o)
                              c:/winavr-20100110/bin/../lib/gcc/avr/4.3.3/../../../../avr/lib/avr5\libc.a(vfprintf_std.o) (fputc)
c:/winavr-20100110/bin/../lib/gcc/avr/4.3.3/../../../../avr/lib/avr5\libc.a(ungetc.o)
                              c:/winavr-20100110/bin/../lib/gcc/avr/4.3.3/../../../../avr/lib/avr5\libc.a(vfscanf_std.o) (ungetc)
c:/winavr-20100110/bin/../lib/gcc/avr/4.3.3/../../../../avr/lib/avr5\libc.a(ultoa_invert.o)
                              c:/winavr-20100110/bin/../lib/gcc/avr/4.3.3/../../../../avr/lib/avr5\libc.a(vfprintf_std.o) (__ultoa_invert)
c:/winavr-20100110/bin/../lib/gcc/avr/4.3.3/../../../../avr/lib/avr5\libc.a(cty_isfalse.o)
                              c:/winavr-20100110/bin/../lib/gcc/avr/4.3.3/../../../../avr/lib/avr5\libc.a(isspace.o) (__ctype_isfalse)
c:/winavr-20100110/bin/../lib/gcc/avr/4.3.3/avr5\libgcc.a(_prologue.o)
                              c:/winavr-20100110/bin/../lib/gcc/avr/4.3.3/../../../../avr/lib/avr5\libc.a(snprintf.o) (__prologue_saves__)
c:/winavr-20100110/bin/../lib/gcc/avr/4.3.3/avr5\libgcc.a(_epilogue.o)
                              c:/winavr-20100110/bin/../lib/gcc/avr/4.3.3/../../../../avr/lib/avr5\libc.a(snprintf.o) (__epilogue_restores__)

Allocating common symbols
Common symbol       size              file

BandDecode_Mode     0x1               bm_config_data.o
BandSelected        0x1               bm_config_data.o
rcv_buf             0x32              bm_serial.o
profile_Id          0x1               bm_config_data.o
bm_cfg              0x104             bm_config_data.o
msg_buf             0x32              bm_serial.o
send_buf            0x32              bm_serial.o
current_auto_band   0x1               bm_auto_band.o

Memory Configuration

Name             Origin             Length             Attributes
text             0x00000000         0x00020000         xr
data             0x00800060         0x0000ffa0         rw !x
eeprom           0x00810000         0x00010000         rw !x
fuse             0x00820000         0x00000400         rw !x
lock             0x00830000         0x00000400         rw !x
signature        0x00840000         0x00000400         rw !x
*default*        0x00000000         0xffffffff

Linker script and memory map

LOAD c:/winavr-20100110/bin/../lib/gcc/avr/4.3.3/../../../../avr/lib/avr5/crtm32.o
LOAD bandmaster.o
LOAD lcd.o
LOAD bm_config_data.o
LOAD bm_init.o
LOAD bm_timer.o
LOAD bm_auto_band.o
LOAD bm_display.o
LOAD bm_messages.o
LOAD bm_output.o
LOAD bm_serial.o
LOAD str_utils.o
LOAD c:/winavr-20100110/bin/../lib/gcc/avr/4.3.3/avr5\libgcc.a
LOAD c:/winavr-20100110/bin/../lib/gcc/avr/4.3.3/../../../../avr/lib/avr5\libc.a
LOAD c:/winavr-20100110/bin/../lib/gcc/avr/4.3.3/avr5\libgcc.a

.hash
 *(.hash)

.dynsym
 *(.dynsym)

.dynstr
 *(.dynstr)

.gnu.version
 *(.gnu.version)

.gnu.version_d
 *(.gnu.version_d)

.gnu.version_r
 *(.gnu.version_r)

.rel.init
 *(.rel.init)

.rela.init
 *(.rela.init)

.rel.text
 *(.rel.text)
 *(.rel.text.*)
 *(.rel.gnu.linkonce.t*)

.rela.text
 *(.rela.text)
 *(.rela.text.*)
 *(.rela.gnu.linkonce.t*)

.rel.fini
 *(.rel.fini)

.rela.fini
 *(.rela.fini)

.rel.rodata
 *(.rel.rodata)
 *(.rel.rodata.*)
 *(.rel.gnu.linkonce.r*)

.rela.rodata
 *(.rela.rodata)
 *(.rela.rodata.*)
 *(.rela.gnu.linkonce.r*)

.rel.data
 *(.rel.data)
 *(.rel.data.*)
 *(.rel.gnu.linkonce.d*)

.rela.data
 *(.rela.data)
 *(.rela.data.*)
 *(.rela.gnu.linkonce.d*)

.rel.ctors
 *(.rel.ctors)

.rela.ctors
 *(.rela.ctors)

.rel.dtors
 *(.rel.dtors)

.rela.dtors
 *(.rela.dtors)

.rel.got
 *(.rel.got)

.rela.got
 *(.rela.got)

.rel.bss
 *(.rel.bss)

.rela.bss
 *(.rela.bss)

.rel.plt
 *(.rel.plt)

.rela.plt
 *(.rela.plt)

.text           0x00000000     0x1f20
 *(.vectors)
 .vectors       0x00000000       0x54 c:/winavr-20100110/bin/../lib/gcc/avr/4.3.3/../../../../avr/lib/avr5/crtm32.o
                0x00000000                __vectors
                0x00000000                __vector_default
 *(.vectors)
 *(.progmem.gcc*)
 *(.progmem*)
 .progmem.data  0x00000054        0xc c:/winavr-20100110/bin/../lib/gcc/avr/4.3.3/../../../../avr/lib/avr5\libc.a(vfscanf_std.o)
                0x00000060                . = ALIGN (0x2)
                0x00000060                __trampolines_start = .
 *(.trampolines)
 .trampolines   0x00000060        0x0 linker stubs
 *(.trampolines*)
                0x00000060                __trampolines_end = .
 *(.jumptables)
 *(.jumptables*)
 *(.lowtext)
 *(.lowtext*)
                0x00000060                __ctors_start = .
 *(.ctors)
                0x00000060                __ctors_end = .
                0x00000060                __dtors_start = .
 *(.dtors)
                0x00000060                __dtors_end = .
 SORT(*)(.ctors)
 SORT(*)(.dtors)
 *(.init0)
 .init0         0x00000060        0x0 c:/winavr-20100110/bin/../lib/gcc/avr/4.3.3/../../../../avr/lib/avr5/crtm32.o
                0x00000060                __init
 *(.init0)
 *(.init1)
 *(.init1)
 *(.init2)
 .init2         0x00000060        0xc c:/winavr-20100110/bin/../lib/gcc/avr/4.3.3/../../../../avr/lib/avr5/crtm32.o
 *(.init2)
 *(.init3)
 *(.init3)
 *(.init4)
 .init4         0x0000006c       0x16 c:/winavr-20100110/bin/../lib/gcc/avr/4.3.3/avr5\libgcc.a(_copy_data.o)
                0x0000006c                __do_copy_data
 .init4         0x00000082       0x10 c:/winavr-20100110/bin/../lib/gcc/avr/4.3.3/avr5\libgcc.a(_clear_bss.o)
                0x00000082                __do_clear_bss
 *(.init4)
 *(.init5)
 *(.init5)
 *(.init6)
 *(.init6)
 *(.init7)
 *(.init7)
 *(.init8)
 *(.init8)
 *(.init9)
 .init9         0x00000092        0x8 c:/winavr-20100110/bin/../lib/gcc/avr/4.3.3/../../../../avr/lib/avr5/crtm32.o
 *(.init9)
 *(.text)
 .text          0x0000009a        0x4 c:/winavr-20100110/bin/../lib/gcc/avr/4.3.3/../../../../avr/lib/avr5/crtm32.o
                0x0000009a                __vector_1
                0x0000009a                __vector_12
                0x0000009a                __bad_interrupt
                0x0000009a                __vector_6
                0x0000009a                __vector_3
                0x0000009a                __vector_11
                0x0000009a                __vector_17
                0x0000009a                __vector_19
                0x0000009a                __vector_5
                0x0000009a                __vector_4
                0x0000009a                __vector_9
                0x0000009a                __vector_2
                0x0000009a                __vector_15
                0x0000009a                __vector_8
                0x0000009a                __vector_14
                0x0000009a                __vector_10
                0x0000009a                __vector_16
                0x0000009a                __vector_18
                0x0000009a                __vector_20
 .text          0x0000009e      0x312 bandmaster.o
                0x0000012e                changeBand
                0x0000009e                __vector_13
                0x000000e6                __vector_7
                0x00000154                main
 .text          0x000003b0      0x21c lcd.o
                0x00000452                LCDWriteString
                0x00000566                LCDInit
                0x00000402                LCDByte
                0x000003b0                LCDBusyLoop
                0x00000486                LCDWriteInt
                0x00000542                LCDGotoXY
 .text          0x000005cc      0x2b0 bm_config_data.o
                0x000005f8                isPeerAntConflict
                0x000006b2                updateStaticEEConfig
                0x0000073e                readEEConfigProfile
                0x00000664                updateCurrentEEConfig
                0x00000620                isPermanentPttLock
                0x0000086a                readEEConfig
                0x000005cc                isPeerBand
 .text          0x0000087c       0x6a bm_init.o
                0x000008ce                initSERIAL
                0x000008b0                initTIMER
                0x0000087c                initADC
                0x0000088e                initPORTS
 .text          0x000008e6      0x1b0 bm_timer.o
                0x0000091e                stopPttLockTimed
                0x00000946                doTimerInterrupt
                0x000008e6                scheduleDispRefresh
                0x000008fc                startPttLockTimed
                0x00000930                enableLinkTimer
 .text          0x00000a96       0x4a bm_auto_band.o
                0x00000a96                checkAutoBand
 .text          0x00000ae0      0x248 bm_display.o
                0x00000bb0                showSplashScreen
                0x00000b38                displayMsg
                0x00000be2                displayStatus
                0x00000ae0                displayAntShort
 .text          0x00000d28        0x0 bm_messages.o
 .text          0x00000d28      0x166 bm_output.o
                0x00000d6c                applyPttStatus
                0x00000d7e                applyOutPins
                0x00000d34                enableManLED
                0x00000d30                disableManLED
                0x00000d48                disableLinkLED
                0x00000d40                enableManLEDBlink
                0x00000d4c                enableLinkLED
                0x00000e82                blockPTTTimed
                0x00000d2c                enableAutoLED
                0x00000d38                disableManLEDBlink
                0x00000d54                unblockPTT
                0x00000d28                disableAutoLED
                0x00000d50                blockPTT
 .text          0x00000e8e      0x3aa bm_serial.o
                0x00000f30                serial_clear_buffer
                0x00000faa                processPCMsg
                0x00000e8e                doSerialInterrupt
                0x00000f28                serial_direct_send_byte
                0x000010b4                processSerialMsg
                0x00000ef8                serial_push_byte_out
                0x00000f56                sendSerialMessage
                0x00001170                reportBandAntSerial
                0x00000f3e                getValIdx
                0x00000fea                processDeviceMsg
 .text          0x00001238       0x18 str_utils.o
                0x00001238                strLen
 .text          0x00001250        0x0 c:/winavr-20100110/bin/../lib/gcc/avr/4.3.3/avr5\libgcc.a(_divmodhi4.o)
 .text          0x00001250        0x0 c:/winavr-20100110/bin/../lib/gcc/avr/4.3.3/avr5\libgcc.a(_exit.o)
 .text          0x00001250        0x0 c:/winavr-20100110/bin/../lib/gcc/avr/4.3.3/avr5\libgcc.a(_copy_data.o)
 .text          0x00001250        0x0 c:/winavr-20100110/bin/../lib/gcc/avr/4.3.3/avr5\libgcc.a(_clear_bss.o)
 .text          0x00001250        0x0 c:/winavr-20100110/bin/../lib/gcc/avr/4.3.3/avr5\libgcc.a(_udivmodhi4.o)
 .text          0x00001250        0x0 c:/winavr-20100110/bin/../lib/gcc/avr/4.3.3/../../../../avr/lib/avr5\libc.a(snprintf.o)
 .text          0x00001250        0x0 c:/winavr-20100110/bin/../lib/gcc/avr/4.3.3/../../../../avr/lib/avr5\libc.a(sscanf.o)
 .text          0x00001250        0x0 c:/winavr-20100110/bin/../lib/gcc/avr/4.3.3/../../../../avr/lib/avr5\libc.a(vfprintf_std.o)
 .text          0x00001250        0x0 c:/winavr-20100110/bin/../lib/gcc/avr/4.3.3/../../../../avr/lib/avr5\libc.a(vfscanf_std.o)
 .text          0x00001250        0x0 c:/winavr-20100110/bin/../lib/gcc/avr/4.3.3/../../../../avr/lib/avr5\libc.a(eerd_block_atmega32.o)
 .text          0x00001250        0x0 c:/winavr-20100110/bin/../lib/gcc/avr/4.3.3/../../../../avr/lib/avr5\libc.a(eerd_byte_atmega32.o)
 .text          0x00001250        0x0 c:/winavr-20100110/bin/../lib/gcc/avr/4.3.3/../../../../avr/lib/avr5\libc.a(eeupd_block_atmega32.o)
 .text          0x00001250        0x0 c:/winavr-20100110/bin/../lib/gcc/avr/4.3.3/../../../../avr/lib/avr5\libc.a(eeupd_byte_atmega32.o)
 .text          0x00001250        0x0 c:/winavr-20100110/bin/../lib/gcc/avr/4.3.3/../../../../avr/lib/avr5\libc.a(isspace.o)
 .text          0x00001250        0x0 c:/winavr-20100110/bin/../lib/gcc/avr/4.3.3/../../../../avr/lib/avr5\libc.a(strchr_P.o)
 .text          0x00001250        0x0 c:/winavr-20100110/bin/../lib/gcc/avr/4.3.3/../../../../avr/lib/avr5\libc.a(strnlen_P.o)
 .text          0x00001250        0x0 c:/winavr-20100110/bin/../lib/gcc/avr/4.3.3/../../../../avr/lib/avr5\libc.a(strnlen.o)
 .text          0x00001250        0x0 c:/winavr-20100110/bin/../lib/gcc/avr/4.3.3/../../../../avr/lib/avr5\libc.a(fgetc.o)
 .text          0x00001250        0x0 c:/winavr-20100110/bin/../lib/gcc/avr/4.3.3/../../../../avr/lib/avr5\libc.a(fputc.o)
 .text          0x00001250        0x0 c:/winavr-20100110/bin/../lib/gcc/avr/4.3.3/../../../../avr/lib/avr5\libc.a(ungetc.o)
 .text          0x00001250        0x0 c:/winavr-20100110/bin/../lib/gcc/avr/4.3.3/../../../../avr/lib/avr5\libc.a(ultoa_invert.o)
 .text          0x00001250        0x0 c:/winavr-20100110/bin/../lib/gcc/avr/4.3.3/../../../../avr/lib/avr5\libc.a(cty_isfalse.o)
 .text          0x00001250        0x0 c:/winavr-20100110/bin/../lib/gcc/avr/4.3.3/avr5\libgcc.a(_prologue.o)
 .text          0x00001250        0x0 c:/winavr-20100110/bin/../lib/gcc/avr/4.3.3/avr5\libgcc.a(_epilogue.o)
                0x00001250                . = ALIGN (0x2)
 *(.text.*)
 .text.libgcc   0x00001250       0x26 c:/winavr-20100110/bin/../lib/gcc/avr/4.3.3/avr5\libgcc.a(_divmodhi4.o)
                0x00001250                __divmodhi4
                0x00001250                _div
 .text.libgcc   0x00001276        0x0 c:/winavr-20100110/bin/../lib/gcc/avr/4.3.3/avr5\libgcc.a(_exit.o)
 .text.libgcc   0x00001276        0x0 c:/winavr-20100110/bin/../lib/gcc/avr/4.3.3/avr5\libgcc.a(_copy_data.o)
 .text.libgcc   0x00001276        0x0 c:/winavr-20100110/bin/../lib/gcc/avr/4.3.3/avr5\libgcc.a(_clear_bss.o)
 .text.libgcc   0x00001276       0x28 c:/winavr-20100110/bin/../lib/gcc/avr/4.3.3/avr5\libgcc.a(_udivmodhi4.o)
                0x00001276                __udivmodhi4
 .text.avr-libc
                0x0000129e       0x62 c:/winavr-20100110/bin/../lib/gcc/avr/4.3.3/../../../../avr/lib/avr5\libc.a(snprintf.o)
                0x0000129e                snprintf
 .text.avr-libc
                0x00001300       0x34 c:/winavr-20100110/bin/../lib/gcc/avr/4.3.3/../../../../avr/lib/avr5\libc.a(sscanf.o)
                0x00001300                sscanf
 .text.avr-libc
                0x00001334      0x3ba c:/winavr-20100110/bin/../lib/gcc/avr/4.3.3/../../../../avr/lib/avr5\libc.a(vfprintf_std.o)
                0x00001334                vfprintf
 .text.avr-libc
                0x000016ee      0x52a c:/winavr-20100110/bin/../lib/gcc/avr/4.3.3/../../../../avr/lib/avr5\libc.a(vfscanf_std.o)
                0x000019f6                vfscanf
 .text.avr-libc
                0x00001c18       0x20 c:/winavr-20100110/bin/../lib/gcc/avr/4.3.3/../../../../avr/lib/avr5\libc.a(eerd_block_atmega32.o)
                0x00001c1c                __eerd_blraw_m32
                0x00001c18                __eerd_block_m32
 .text.avr-libc
                0x00001c38       0x10 c:/winavr-20100110/bin/../lib/gcc/avr/4.3.3/../../../../avr/lib/avr5\libc.a(eerd_byte_atmega32.o)
                0x00001c38                __eerd_byte_m32
 .text.avr-libc
                0x00001c48       0x20 c:/winavr-20100110/bin/../lib/gcc/avr/4.3.3/../../../../avr/lib/avr5\libc.a(eeupd_block_atmega32.o)
                0x00001c48                __eeupd_block_m32
 .text.avr-libc
                0x00001c68       0x22 c:/winavr-20100110/bin/../lib/gcc/avr/4.3.3/../../../../avr/lib/avr5\libc.a(eeupd_byte_atmega32.o)
                0x00001c68                __eeupd_byte_m32
                0x00001c6a                __eeupd_r18_m32
 .text.avr-libc
                0x00001c8a       0x10 c:/winavr-20100110/bin/../lib/gcc/avr/4.3.3/../../../../avr/lib/avr5\libc.a(isspace.o)
                0x00001c8a                isspace
 .text.avr-libc
                0x00001c9a       0x16 c:/winavr-20100110/bin/../lib/gcc/avr/4.3.3/../../../../avr/lib/avr5\libc.a(strchr_P.o)
                0x00001c9a                strchr_P
 .text.avr-libc
                0x00001cb0       0x16 c:/winavr-20100110/bin/../lib/gcc/avr/4.3.3/../../../../avr/lib/avr5\libc.a(strnlen_P.o)
                0x00001cb0                strnlen_P
 .text.avr-libc
                0x00001cc6       0x16 c:/winavr-20100110/bin/../lib/gcc/avr/4.3.3/../../../../avr/lib/avr5\libc.a(strnlen.o)
                0x00001cc6                strnlen
 .text.avr-libc
                0x00001cdc       0x84 c:/winavr-20100110/bin/../lib/gcc/avr/4.3.3/../../../../avr/lib/avr5\libc.a(fgetc.o)
                0x00001cdc                fgetc
 .text.avr-libc
                0x00001d60       0x58 c:/winavr-20100110/bin/../lib/gcc/avr/4.3.3/../../../../avr/lib/avr5\libc.a(fputc.o)
                0x00001d60                fputc
 .text.avr-libc
                0x00001db8       0x34 c:/winavr-20100110/bin/../lib/gcc/avr/4.3.3/../../../../avr/lib/avr5\libc.a(ungetc.o)
                0x00001db8                ungetc
 .text.avr-libc
                0x00001dec       0xbc c:/winavr-20100110/bin/../lib/gcc/avr/4.3.3/../../../../avr/lib/avr5\libc.a(ultoa_invert.o)
                0x00001dec                __ultoa_invert
 .text.avr-libc
                0x00001ea8        0x6 c:/winavr-20100110/bin/../lib/gcc/avr/4.3.3/../../../../avr/lib/avr5\libc.a(cty_isfalse.o)
                0x00001eac                __ctype_istrue
                0x00001ea8                __ctype_isfalse
 .text.libgcc   0x00001eae       0x38 c:/winavr-20100110/bin/../lib/gcc/avr/4.3.3/avr5\libgcc.a(_prologue.o)
                0x00001eae                __prologue_saves__
 .text.libgcc   0x00001ee6       0x36 c:/winavr-20100110/bin/../lib/gcc/avr/4.3.3/avr5\libgcc.a(_epilogue.o)
                0x00001ee6                __epilogue_restores__
                0x00001f1c                . = ALIGN (0x2)
 *(.fini9)
 .fini9         0x00001f1c        0x0 c:/winavr-20100110/bin/../lib/gcc/avr/4.3.3/avr5\libgcc.a(_exit.o)
                0x00001f1c                exit
                0x00001f1c                _exit
 *(.fini9)
 *(.fini8)
 *(.fini8)
 *(.fini7)
 *(.fini7)
 *(.fini6)
 *(.fini6)
 *(.fini5)
 *(.fini5)
 *(.fini4)
 *(.fini4)
 *(.fini3)
 *(.fini3)
 *(.fini2)
 *(.fini2)
 *(.fini1)
 *(.fini1)
 *(.fini0)
 .fini0         0x00001f1c        0x4 c:/winavr-20100110/bin/../lib/gcc/avr/4.3.3/avr5\libgcc.a(_exit.o)
 *(.fini0)
                0x00001f20                _etext = .

.data           0x00800060      0x1dc load address 0x00001f20
                0x00800060                PROVIDE (__data_start, .)
 *(.data)
 .data          0x00800060        0x0 c:/winavr-20100110/bin/../lib/gcc/avr/4.3.3/../../../../avr/lib/avr5/crtm32.o
 .data          0x00800060        0x0 bandmaster.o
 .data          0x00800060       0x40 lcd.o
                0x00800060                __cgram
 .data          0x008000a0        0x1 bm_config_data.o
                0x008000a0                PeerBand
 .data          0x008000a1        0x0 bm_init.o
 .data          0x008000a1        0x6 bm_timer.o
 .data          0x008000a7       0x12 bm_auto_band.o
                0x008000a7                icom_v_thr
                0x008000b0                icom_band
 .data          0x008000b9       0x63 bm_display.o
 .data          0x0080011c       0xf5 bm_messages.o
                0x0080012f                m1_band_change_press_when_auto
                0x008001c5                err_no_ant
                0x00800146                m2_band_change_press_when_auto
                0x008001fc                m1_splash
                0x008001af                m2_when_tx
                0x008001ef                m_empty
                0x008001bb                m2_activated
                0x008001de                m1_auto_mode
                0x0080019d                m1_profile
                0x00800178                m1_band_change_when_tx_warn
                0x00800148                m1_band_change_press_when_tx
                0x00800190                m1_profile_change_press_when_tx
                0x0080020f                m2_splash
                0x008001ec                m1_man_mode
                0x008001d2                err_ant_conflict
                0x00800160                m1_ant_change_press_when_tx
 .data          0x00800211        0x0 bm_output.o
 .data          0x00800211       0x2a bm_serial.o
                0x00800230                msg_sender_val
                0x00800234                msg_type_val
 .data          0x0080023b        0x0 str_utils.o
 .data          0x0080023b        0x0 c:/winavr-20100110/bin/../lib/gcc/avr/4.3.3/avr5\libgcc.a(_divmodhi4.o)
 .data          0x0080023b        0x0 c:/winavr-20100110/bin/../lib/gcc/avr/4.3.3/avr5\libgcc.a(_exit.o)
 .data          0x0080023b        0x0 c:/winavr-20100110/bin/../lib/gcc/avr/4.3.3/avr5\libgcc.a(_copy_data.o)
 .data          0x0080023b        0x0 c:/winavr-20100110/bin/../lib/gcc/avr/4.3.3/avr5\libgcc.a(_clear_bss.o)
 .data          0x0080023b        0x0 c:/winavr-20100110/bin/../lib/gcc/avr/4.3.3/avr5\libgcc.a(_udivmodhi4.o)
 .data          0x0080023b        0x0 c:/winavr-20100110/bin/../lib/gcc/avr/4.3.3/../../../../avr/lib/avr5\libc.a(snprintf.o)
 .data          0x0080023b        0x0 c:/winavr-20100110/bin/../lib/gcc/avr/4.3.3/../../../../avr/lib/avr5\libc.a(sscanf.o)
 .data          0x0080023b        0x0 c:/winavr-20100110/bin/../lib/gcc/avr/4.3.3/../../../../avr/lib/avr5\libc.a(vfprintf_std.o)
 .data          0x0080023b        0x0 c:/winavr-20100110/bin/../lib/gcc/avr/4.3.3/../../../../avr/lib/avr5\libc.a(vfscanf_std.o)
 .data          0x0080023b        0x0 c:/winavr-20100110/bin/../lib/gcc/avr/4.3.3/../../../../avr/lib/avr5\libc.a(eerd_block_atmega32.o)
 .data          0x0080023b        0x0 c:/winavr-20100110/bin/../lib/gcc/avr/4.3.3/../../../../avr/lib/avr5\libc.a(eerd_byte_atmega32.o)
 .data          0x0080023b        0x0 c:/winavr-20100110/bin/../lib/gcc/avr/4.3.3/../../../../avr/lib/avr5\libc.a(eeupd_block_atmega32.o)
 .data          0x0080023b        0x0 c:/winavr-20100110/bin/../lib/gcc/avr/4.3.3/../../../../avr/lib/avr5\libc.a(eeupd_byte_atmega32.o)
 .data          0x0080023b        0x0 c:/winavr-20100110/bin/../lib/gcc/avr/4.3.3/../../../../avr/lib/avr5\libc.a(isspace.o)
 .data          0x0080023b        0x0 c:/winavr-20100110/bin/../lib/gcc/avr/4.3.3/../../../../avr/lib/avr5\libc.a(strchr_P.o)
 .data          0x0080023b        0x0 c:/winavr-20100110/bin/../lib/gcc/avr/4.3.3/../../../../avr/lib/avr5\libc.a(strnlen_P.o)
 .data          0x0080023b        0x0 c:/winavr-20100110/bin/../lib/gcc/avr/4.3.3/../../../../avr/lib/avr5\libc.a(strnlen.o)
 .data          0x0080023b        0x0 c:/winavr-20100110/bin/../lib/gcc/avr/4.3.3/../../../../avr/lib/avr5\libc.a(fgetc.o)
 .data          0x0080023b        0x0 c:/winavr-20100110/bin/../lib/gcc/avr/4.3.3/../../../../avr/lib/avr5\libc.a(fputc.o)
 .data          0x0080023b        0x0 c:/winavr-20100110/bin/../lib/gcc/avr/4.3.3/../../../../avr/lib/avr5\libc.a(ungetc.o)
 .data          0x0080023b        0x0 c:/winavr-20100110/bin/../lib/gcc/avr/4.3.3/../../../../avr/lib/avr5\libc.a(ultoa_invert.o)
 .data          0x0080023b        0x0 c:/winavr-20100110/bin/../lib/gcc/avr/4.3.3/../../../../avr/lib/avr5\libc.a(cty_isfalse.o)
 .data          0x0080023b        0x0 c:/winavr-20100110/bin/../lib/gcc/avr/4.3.3/avr5\libgcc.a(_prologue.o)
 .data          0x0080023b        0x0 c:/winavr-20100110/bin/../lib/gcc/avr/4.3.3/avr5\libgcc.a(_epilogue.o)
 *(.data*)
 *(.rodata)
 *(.rodata*)
 *(.gnu.linkonce.d*)
                0x0080023c                . = ALIGN (0x2)
 *fill*         0x0080023b        0x1 00
                0x0080023c                _edata = .
                0x0080023c                PROVIDE (__data_end, .)

.bss            0x0080023c      0x1c7
                0x0080023c                PROVIDE (__bss_start, .)
 *(.bss)
 .bss           0x0080023c        0x0 c:/winavr-20100110/bin/../lib/gcc/avr/4.3.3/../../../../avr/lib/avr5/crtm32.o
 .bss           0x0080023c        0x0 bandmaster.o
 .bss           0x0080023c        0x0 lcd.o
 .bss           0x0080023c        0x3 bm_config_data.o
                0x0080023c                BandOutVal
                0x0080023d                PeerAntCfg
 .bss           0x0080023f        0x0 bm_init.o
 .bss           0x0080023f       0x20 bm_timer.o
                0x00800248                man_diode_blink
                0x0080023f                sw_state
                0x00800247                refresh_bandout_needed
                0x00800246                refresh_ptt_needed
                0x0080024a                link_active
                0x00800245                refresh_disp_needed
                0x00800249                ptt_lock_timed
 .bss           0x0080025f        0x0 bm_auto_band.o
 .bss           0x0080025f        0x0 bm_display.o
 .bss           0x0080025f        0x0 bm_messages.o
 .bss           0x0080025f        0x0 bm_output.o
 .bss           0x0080025f        0x6 bm_serial.o
                0x00800261                send_buf_idx
                0x00800264                rcv_msg_ready
                0x00800262                send_buf_size
                0x00800263                rcv_buf_idx
                0x0080025f                needOutUpdate
                0x00800260                serial_mode
 .bss           0x00800265        0x0 str_utils.o
 .bss           0x00800265        0x0 c:/winavr-20100110/bin/../lib/gcc/avr/4.3.3/avr5\libgcc.a(_divmodhi4.o)
 .bss           0x00800265        0x0 c:/winavr-20100110/bin/../lib/gcc/avr/4.3.3/avr5\libgcc.a(_exit.o)
 .bss           0x00800265        0x0 c:/winavr-20100110/bin/../lib/gcc/avr/4.3.3/avr5\libgcc.a(_copy_data.o)
 .bss           0x00800265        0x0 c:/winavr-20100110/bin/../lib/gcc/avr/4.3.3/avr5\libgcc.a(_clear_bss.o)
 .bss           0x00800265        0x0 c:/winavr-20100110/bin/../lib/gcc/avr/4.3.3/avr5\libgcc.a(_udivmodhi4.o)
 .bss           0x00800265        0x0 c:/winavr-20100110/bin/../lib/gcc/avr/4.3.3/../../../../avr/lib/avr5\libc.a(snprintf.o)
 .bss           0x00800265        0x0 c:/winavr-20100110/bin/../lib/gcc/avr/4.3.3/../../../../avr/lib/avr5\libc.a(sscanf.o)
 .bss           0x00800265        0x0 c:/winavr-20100110/bin/../lib/gcc/avr/4.3.3/../../../../avr/lib/avr5\libc.a(vfprintf_std.o)
 .bss           0x00800265        0x0 c:/winavr-20100110/bin/../lib/gcc/avr/4.3.3/../../../../avr/lib/avr5\libc.a(vfscanf_std.o)
 .bss           0x00800265        0x0 c:/winavr-20100110/bin/../lib/gcc/avr/4.3.3/../../../../avr/lib/avr5\libc.a(eerd_block_atmega32.o)
 .bss           0x00800265        0x0 c:/winavr-20100110/bin/../lib/gcc/avr/4.3.3/../../../../avr/lib/avr5\libc.a(eerd_byte_atmega32.o)
 .bss           0x00800265        0x0 c:/winavr-20100110/bin/../lib/gcc/avr/4.3.3/../../../../avr/lib/avr5\libc.a(eeupd_block_atmega32.o)
 .bss           0x00800265        0x0 c:/winavr-20100110/bin/../lib/gcc/avr/4.3.3/../../../../avr/lib/avr5\libc.a(eeupd_byte_atmega32.o)
 .bss           0x00800265        0x0 c:/winavr-20100110/bin/../lib/gcc/avr/4.3.3/../../../../avr/lib/avr5\libc.a(isspace.o)
 .bss           0x00800265        0x0 c:/winavr-20100110/bin/../lib/gcc/avr/4.3.3/../../../../avr/lib/avr5\libc.a(strchr_P.o)
 .bss           0x00800265        0x0 c:/winavr-20100110/bin/../lib/gcc/avr/4.3.3/../../../../avr/lib/avr5\libc.a(strnlen_P.o)
 .bss           0x00800265        0x0 c:/winavr-20100110/bin/../lib/gcc/avr/4.3.3/../../../../avr/lib/avr5\libc.a(strnlen.o)
 .bss           0x00800265        0x0 c:/winavr-20100110/bin/../lib/gcc/avr/4.3.3/../../../../avr/lib/avr5\libc.a(fgetc.o)
 .bss           0x00800265        0x0 c:/winavr-20100110/bin/../lib/gcc/avr/4.3.3/../../../../avr/lib/avr5\libc.a(fputc.o)
 .bss           0x00800265        0x0 c:/winavr-20100110/bin/../lib/gcc/avr/4.3.3/../../../../avr/lib/avr5\libc.a(ungetc.o)
 .bss           0x00800265        0x0 c:/winavr-20100110/bin/../lib/gcc/avr/4.3.3/../../../../avr/lib/avr5\libc.a(ultoa_invert.o)
 .bss           0x00800265        0x0 c:/winavr-20100110/bin/../lib/gcc/avr/4.3.3/../../../../avr/lib/avr5\libc.a(cty_isfalse.o)
 .bss           0x00800265        0x0 c:/winavr-20100110/bin/../lib/gcc/avr/4.3.3/avr5\libgcc.a(_prologue.o)
 .bss           0x00800265        0x0 c:/winavr-20100110/bin/../lib/gcc/avr/4.3.3/avr5\libgcc.a(_epilogue.o)
 *(.bss*)
 *(COMMON)
 COMMON         0x00800265      0x107 bm_config_data.o
                0x00800265                BandDecode_Mode
                0x00800266                BandSelected
                0x00800267                profile_Id
                0x00800268                bm_cfg
 COMMON         0x0080036c        0x1 bm_auto_band.o
                0x0080036c                current_auto_band
 COMMON         0x0080036d       0x96 bm_serial.o
                0x0080036d                rcv_buf
                0x0080039f                msg_buf
                0x008003d1                send_buf
                0x00800403                PROVIDE (__bss_end, .)
                0x00001f20                __data_load_start = LOADADDR (.data)
                0x000020fc                __data_load_end = (__data_load_start + SIZEOF (.data))

.noinit         0x00800403        0x0
                0x00800403                PROVIDE (__noinit_start, .)
 *(.noinit*)
                0x00800403                PROVIDE (__noinit_end, .)
                0x00800403                _end = .
                0x00800403                PROVIDE (__heap_start, .)

.eeprom         0x00810000      0x107
 *(.eeprom*)
 .eeprom        0x00810000      0x107 bm_config_data.o
                0x00810104                EE_profile_Id
                0x00810106                EE_BandSelected
                0x00810000                cfg
                0x00810105                EE_BandDecode_Mode
                0x00810107                __eeprom_end = .

.fuse
 *(.fuse)
 *(.lfuse)
 *(.hfuse)
 *(.efuse)

.lock
 *(.lock*)

.signature
 *(.signature*)

.stab
 *(.stab)

.stabstr
 *(.stabstr)

.stab.excl
 *(.stab.excl)

.stab.exclstr
 *(.stab.exclstr)

.stab.index
 *(.stab.index)

.stab.indexstr
 *(.stab.indexstr)

.comment
 *(.comment)

.debug
 *(.debug)

.line
 *(.line)

.debug_srcinfo
 *(.debug_srcinfo)

.debug_sfnames
 *(.debug_sfnames)

.debug_aranges  0x00000000      0x140
 *(.debug_aranges)
 .debug_aranges
                0x00000000       0x20 bandmaster.o
 .debug_aranges
                0x00000020       0x20 lcd.o
 .debug_aranges
                0x00000040       0x20 bm_config_data.o
 .debug_aranges
                0x00000060       0x20 bm_init.o
 .debug_aranges
                0x00000080       0x20 bm_timer.o
 .debug_aranges
                0x000000a0       0x20 bm_auto_band.o
 .debug_aranges
                0x000000c0       0x20 bm_display.o
 .debug_aranges
                0x000000e0       0x20 bm_output.o
 .debug_aranges
                0x00000100       0x20 bm_serial.o
 .debug_aranges
                0x00000120       0x20 str_utils.o

.debug_pubnames
                0x00000000      0x851
 *(.debug_pubnames)
 .debug_pubnames
                0x00000000       0x49 bandmaster.o
 .debug_pubnames
                0x00000049       0x77 lcd.o
 .debug_pubnames
                0x000000c0      0x159 bm_config_data.o
 .debug_pubnames
                0x00000219       0x49 bm_init.o
 .debug_pubnames
                0x00000262      0x10c bm_timer.o
 .debug_pubnames
                0x0000036e       0x57 bm_auto_band.o
 .debug_pubnames
                0x000003c5       0x5c bm_display.o
 .debug_pubnames
                0x00000421      0x179 bm_messages.o
 .debug_pubnames
                0x0000059a       0xfe bm_output.o
 .debug_pubnames
                0x00000698      0x19c bm_serial.o
 .debug_pubnames
                0x00000834       0x1d str_utils.o

.debug_info     0x00000000     0x281a
 *(.debug_info)
 .debug_info    0x00000000      0x339 bandmaster.o
 .debug_info    0x00000339      0x65e lcd.o
 .debug_info    0x00000997      0x3da bm_config_data.o
 .debug_info    0x00000d71       0xaa bm_init.o
 .debug_info    0x00000e1b      0x4da bm_timer.o
 .debug_info    0x000012f5       0xfe bm_auto_band.o
 .debug_info    0x000013f3      0x41d bm_display.o
 .debug_info    0x00001810      0x15d bm_messages.o
 .debug_info    0x0000196d      0x62e bm_output.o
 .debug_info    0x00001f9b      0x7cb bm_serial.o
 .debug_info    0x00002766       0xb4 str_utils.o
 *(.gnu.linkonce.wi.*)

.debug_abbrev   0x00000000      0xd6a
 *(.debug_abbrev)
 .debug_abbrev  0x00000000       0xf1 bandmaster.o
 .debug_abbrev  0x000000f1      0x1d2 lcd.o
 .debug_abbrev  0x000002c3      0x1d7 bm_config_data.o
 .debug_abbrev  0x0000049a       0x3d bm_init.o
 .debug_abbrev  0x000004d7      0x163 bm_timer.o
 .debug_abbrev  0x0000063a       0x99 bm_auto_band.o
 .debug_abbrev  0x000006d3      0x184 bm_display.o
 .debug_abbrev  0x00000857       0x40 bm_messages.o
 .debug_abbrev  0x00000897      0x1ee bm_output.o
 .debug_abbrev  0x00000a85      0x267 bm_serial.o
 .debug_abbrev  0x00000cec       0x7e str_utils.o

.debug_line     0x00000000     0x1cb5
 *(.debug_line)
 .debug_line    0x00000000      0x410 bandmaster.o
 .debug_line    0x00000410      0x443 lcd.o
 .debug_line    0x00000853      0x2f9 bm_config_data.o
 .debug_line    0x00000b4c      0x146 bm_init.o
 .debug_line    0x00000c92      0x383 bm_timer.o
 .debug_line    0x00001015       0xb3 bm_auto_band.o
 .debug_line    0x000010c8      0x297 bm_display.o
 .debug_line    0x0000135f       0x52 bm_messages.o
 .debug_line    0x000013b1      0x3ab bm_output.o
 .debug_line    0x0000175c      0x4a8 bm_serial.o
 .debug_line    0x00001c04       0xb1 str_utils.o

.debug_frame    0x00000000      0x410
 *(.debug_frame)
 .debug_frame   0x00000000       0x50 bandmaster.o
 .debug_frame   0x00000050       0x70 lcd.o
 .debug_frame   0x000000c0       0x80 bm_config_data.o
 .debug_frame   0x00000140       0x50 bm_init.o
 .debug_frame   0x00000190       0x60 bm_timer.o
 .debug_frame   0x000001f0       0x20 bm_auto_band.o
 .debug_frame   0x00000210       0x50 bm_display.o
 .debug_frame   0x00000260       0xe0 bm_output.o
 .debug_frame   0x00000340       0xb0 bm_serial.o
 .debug_frame   0x000003f0       0x20 str_utils.o

.debug_str      0x00000000      0xa49
 *(.debug_str)
 .debug_str     0x00000000      0x29a bandmaster.o
                                0x2f7 (size before relaxing)
 .debug_str     0x0000029a       0xd4 lcd.o
                                0x198 (size before relaxing)
 .debug_str     0x0000036e       0xf6 bm_config_data.o
                                0x297 (size before relaxing)
 .debug_str     0x00000464       0x34 bm_init.o
                                 0xdb (size before relaxing)
 .debug_str     0x00000498      0x15f bm_timer.o
                                0x32f (size before relaxing)
 .debug_str     0x000005f7       0x51 bm_auto_band.o
                                0x10a (size before relaxing)
 .debug_str     0x00000648       0xb1 bm_display.o
                                0x26f (size before relaxing)
 .debug_str     0x000006f9       0x49 bm_messages.o
                                0x17d (size before relaxing)
 .debug_str     0x00000742       0xf7 bm_output.o
                                0x323 (size before relaxing)
 .debug_str     0x00000839      0x1fa bm_serial.o
                                0x41b (size before relaxing)
 .debug_str     0x00000a33       0x16 str_utils.o
                                 0xca (size before relaxing)

.debug_loc      0x00000000      0xa3e
 *(.debug_loc)
 .debug_loc     0x00000000       0x9f bandmaster.o
 .debug_loc     0x0000009f      0x2ca lcd.o
 .debug_loc     0x00000369       0x9d bm_config_data.o
 .debug_loc     0x00000406       0x31 bm_timer.o
 .debug_loc     0x00000437       0x41 bm_auto_band.o
 .debug_loc     0x00000478      0x1e0 bm_display.o
 .debug_loc     0x00000658       0xf4 bm_output.o
 .debug_loc     0x0000074c      0x2ca bm_serial.o
 .debug_loc     0x00000a16       0x28 str_utils.o

.debug_macinfo
 *(.debug_macinfo)
OUTPUT(BandMaster.elf elf32-avr)
LOAD linker stubs

.debug_ranges   0x00000000      0x148
 .debug_ranges  0x00000000       0x18 bandmaster.o
 .debug_ranges  0x00000018       0x48 lcd.o
 .debug_ranges  0x00000060       0x58 bm_config_data.o
 .debug_ranges  0x000000b8       0x48 bm_display.o
 .debug_ranges  0x00000100       0x48 bm_output.o
